2017/08/26 12:58:47 [error] 7453#7453: *8 connect() failed (111: Connection refused) while connecting to upstream, client: 127.0.0.1, server: , request: "GET / HTTP/1.1", upstream: "http://0.0.0.0:8000/", host: "127.0.0.1"
2017/08/26 12:58:48 [error] 7453#7453: *8 connect() failed (111: Connection refused) while connecting to upstream, client: 127.0.0.1, server: , request: "GET / HTTP/1.1", upstream: "http://0.0.0.0:8000/", host: "127.0.0.1"
2017/08/26 13:22:39 [error] 9037#9037: *33 connect() failed (111: Connection refused) while connecting to upstream, client: 127.0.0.1, server: , request: "GET / HTTP/1.1", upstream: "http://0.0.0.0:8000/", host: "127.0.0.1"
2017/08/26 13:22:46 [error] 9037#9037: *33 connect() failed (111: Connection refused) while connecting to upstream, client: 127.0.0.1, server: , request: "GET / HTTP/1.1", upstream: "http://0.0.0.0:8000/", host: "127.0.0.1"
2017/08/26 13:22:46 [error] 9037#9037: *33 connect() failed (111: Connection refused) while connecting to upstream, client: 127.0.0.1, server: , request: "GET / HTTP/1.1", upstream: "http://0.0.0.0:8000/", host: "127.0.0.1"
2017/08/26 13:22:47 [error] 9037#9037: *33 connect() failed (111: Connection refused) while connecting to upstream, client: 127.0.0.1, server: , request: "GET / HTTP/1.1", upstream: "http://0.0.0.0:8000/", host: "127.0.0.1"
2017/08/26 13:23:30 [error] 9037#9037: *38 connect() failed (111: Connection refused) while connecting to upstream, client: 127.0.0.1, server: , request: "GET /question/1/ HTTP/1.1", upstream: "http://0.0.0.0:8000/question/1/", host: "127.0.0.1"
2017/08/26 15:46:39 [error] 12025#12025: *10 connect() failed (111: Connection refused) while connecting to upstream, client: 127.0.0.1, server: , request: "GET /question/1/ HTTP/1.1", upstream: "http://0.0.0.0:8000/question/1/", host: "127.0.0.1", referrer: "http://127.0.0.1/"
2017/08/26 15:53:48 [error] 12372#12372: *54 connect() failed (111: Connection refused) while connecting to upstream, client: 127.0.0.1, server: , request: "GET / HTTP/1.1", upstream: "http://0.0.0.0:8000/", host: "127.0.0.1"
